api/gemini.ts(19,52): error TS2307: Cannot find module '@vercel/node' or its corresponding type declarations.
api/proxy.ts(19,52): error TS2307: Cannot find module '@vercel/node' or its corresponding type declarations.
src/components/AuthGate.tsx(8,8): error TS2307: Cannot find module 'firebase/auth' or its corresponding type declarations.
src/components/BriefingModal.tsx(533,23): error TS2503: Cannot find namespace 'React'.
src/components/BriefingModal.tsx(663,23): error TS2503: Cannot find namespace 'React'.
src/components/IntegratedEditor.tsx(14,61): error TS2307: Cannot find module 'firebase/firestore' or its corresponding type declarations.
src/components/Sidebar.tsx(174,111): error TS2503: Cannot find namespace 'React'.
src/components/Sidebar.tsx(337,57): error TS2322: Type '{ key: string; s: Scenario; indent: number; }' is not assignable to type '{ s: Scenario; indent?: number; }'.
  Property 'key' does not exist on type '{ s: Scenario; indent?: number; }'.
src/components/Sidebar.tsx(348,58): error TS2322: Type '{ key: string; s: Scenario; indent: number; }' is not assignable to type '{ s: Scenario; indent?: number; }'.
  Property 'key' does not exist on type '{ s: Scenario; indent?: number; }'.
src/components/widgets/FleetMapWidget.tsx(12,15): error TS2307: Cannot find module 'leaflet' or its corresponding type declarations.
src/lib/firebase.ts(8,31): error TS2307: Cannot find module 'firebase/app' or its corresponding type declarations.
src/lib/firebase.ts(9,56): error TS2307: Cannot find module 'firebase/firestore' or its corresponding type declarations.
src/lib/firebase.ts(10,46): error TS2307: Cannot find module 'firebase/auth' or its corresponding type declarations.
src/lib/firebase.ts(11,43): error TS2307: Cannot find module 'firebase/analytics' or its corresponding type declarations.
src/services/firestoreService.ts(43,8): error TS2307: Cannot find module 'firebase/firestore' or its corresponding type declarations.
src/store/actionStore.ts(209,64): error TS2307: Cannot find module 'firebase/firestore' or its corresponding type declarations.
